// Jest Snapshot v1, https://goo.gl/fbAQLP

exports[`test game state for 1-player 1`] = `
<div
  className="gameboard"
>
  <p
    className="score"
  >
    0
  </p>
  <canvas
    className="canvas-item"
    height={640}
    width={540}
  />
  <canvas
    className="canvas-item"
    height={640}
    width={540}
  />
  <canvas
    height={640}
    id="background-layer"
    width={540}
  />
</div>
`;
